===DEPLOY START Wed Jun 10 10:11:30 PM UTC 2026===
Vercel CLI 54.11.1 (Node.js 20.20.2)
Retrieving project…
Deploying luis-projects-48b011f9/vforge
Uploading [--------------------] (0.0B/35.6MB)
Uploading [=====---------------] (8.9MB/35.6MB)
Uploading [==========----------] (17.8MB/35.6MB)
Uploading [===============-----] (26.7MB/35.6MB)
Uploading [====================] (35.6MB/35.6MB)
  Inspect     https://vercel.com/luis-projects-48b011f9/vforge/8xpXUp3ytZN5tApVdFqFG4HXgv5R
▲ Production  https://vforge-4qx198ggz-luis-projects-48b011f9.vercel.app
https://vforge-4qx198ggz-luis-projects-48b011f9.vercel.appBuilding…
Building…
Running build in Washington, D.C., USA (East) – iad1
Build machine configuration: 4 cores, 8 GB
Retrieving list of deployment files...
Concatenating deployment archive files...
Extracting deployment files...
Extracted 2903 deployment files...
Using prebuilt build artifacts from .vercel/output
Learn more: https://vercel.link/build-output-api
Deploying outputs...
[2K[1A[2K[G▲ Production  https://vforge-4qx198ggz-luis-projects-48b011f9.vercel.app
Completing…
▲ Aliased     https://vforge.site

✓ Ready in 40s
DEPLOY_EXIT 0
===DONE===
